{
  "version": "1.5.0",
  "plugins_used": [
    {
      "name": "ArtifactoryDetector"
    },
    {
      "name": "AWSKeyDetector"
    },
    {
      "name": "AzureStorageKeyDetector"
    },
    {
      "name": "Base64HighEntropyString",
      "limit": 4.5
    },
    {
      "name": "BasicAuthDetector"
    },
    {
      "name": "CloudantDetector"
    },
    {
      "name": "DiscordBotTokenDetector"
    },
    {
      "name": "GitHubTokenDetector"
    },
    {
      "name": "HexHighEntropyString",
      "limit": 3.0
    },
    {
      "name": "IbmCloudIamDetector"
    },
    {
      "name": "IbmCosHmacDetector"
    },
    {
      "name": "JwtTokenDetector"
    },
    {
      "name": "KeywordDetector",
      "keyword_exclude": ""
    },
    {
      "name": "MailchimpDetector"
    },
    {
      "name": "NpmDetector"
    },
    {
      "name": "PrivateKeyDetector"
    },
    {
      "name": "SendGridDetector"
    },
    {
      "name": "SlackDetector"
    },
    {
      "name": "SoftlayerDetector"
    },
    {
      "name": "SquareOAuthDetector"
    },
    {
      "name": "StripeDetector"
    },
    {
      "name": "TwilioKeyDetector"
    }
  ],
  "filters_used": [
    {
      "path": "detect_secrets.filters.allowlist.is_line_allowlisted"
    },
    {
      "path": "detect_secrets.filters.common.is_ignored_due_to_verification_policies",
      "min_level": 2
    },
    {
      "path": "detect_secrets.filters.heuristic.is_indirect_reference"
    },
    {
      "path": "detect_secrets.filters.heuristic.is_likely_id_string"
    },
    {
      "path": "detect_secrets.filters.heuristic.is_lock_file"
    },
    {
      "path": "detect_secrets.filters.heuristic.is_not_alphanumeric_string"
    },
    {
      "path": "detect_secrets.filters.heuristic.is_potential_uuid"
    },
    {
      "path": "detect_secrets.filters.heuristic.is_prefixed_with_dollar_sign"
    },
    {
      "path": "detect_secrets.filters.heuristic.is_sequential_string"
    },
    {
      "path": "detect_secrets.filters.heuristic.is_swagger_file"
    },
    {
      "path": "detect_secrets.filters.heuristic.is_templated_secret"
    },
    {
      "path": "detect_secrets.filters.regex.should_exclude_file",
      "pattern": [
        "\\.venv/",
        "node_modules",
        "\\.next/",
        "dist/",
        "build/"
      ]
    }
  ],
  "results": {
    ".claude/rules/attune/coding-standards-index.md": [
      {
        "type": "Secret Keyword",
        "filename": ".claude/rules/attune/coding-standards-index.md",
        "hashed_secret": "b4802c6c503b1fe56c93db98e287b96be6220694",
        "is_verified": false,
        "line_number": 649
      },
      {
        "type": "AWS Access Key",
        "filename": ".claude/rules/attune/coding-standards-index.md",
        "hashed_secret": "25910f981e85ca04baf359199dd0bd4a3ae738b6",
        "is_verified": false,
        "line_number": 650
      },
      {
        "type": "Secret Keyword",
        "filename": ".claude/rules/attune/coding-standards-index.md",
        "hashed_secret": "15a78bff0e63fdf4fa68393a8ce7574056099e9d",
        "is_verified": false,
        "line_number": 653
      }
    ],
    "docs/CLAUDE_NATIVE.md": [
      {
        "type": "Secret Keyword",
        "filename": "docs/CLAUDE_NATIVE.md",
        "hashed_secret": "19e662368a1065e8e98fdb0d0ec341e3382132cc",
        "is_verified": false,
        "line_number": 135
      },
      {
        "type": "Secret Keyword",
        "filename": "docs/CLAUDE_NATIVE.md",
        "hashed_secret": "c7a8c334eef5d1749fface7d42c66f9ae5e8cf36",
        "is_verified": false,
        "line_number": 320
      }
    ],
    "docs/DEVELOPER_GUIDE.md": [
      {
        "type": "Secret Keyword",
        "filename": "docs/DEVELOPER_GUIDE.md",
        "hashed_secret": "c7a8c334eef5d1749fface7d42c66f9ae5e8cf36",
        "is_verified": false,
        "line_number": 620
      }
    ],
    "docs/REDIS_SETUP.md": [
      {
        "type": "Secret Keyword",
        "filename": "docs/REDIS_SETUP.md",
        "hashed_secret": "a616a64c0fbc30f12287d0f24f3b90dd2e6a206e",
        "is_verified": false,
        "line_number": 240
      }
    ],
    "docs/architecture/ENTERPRISE_PRIVACY_INTEGRATION.md": [
      {
        "type": "Secret Keyword",
        "filename": "docs/architecture/ENTERPRISE_PRIVACY_INTEGRATION.md",
        "hashed_secret": "920f8f5815b381ea692e9e7c2f7119f2b1aa620a",
        "is_verified": false,
        "line_number": 94
      }
    ],
    "docs/archive/DEPENDABOT_PRs_REVIEW.md": [
      {
        "type": "Secret Keyword",
        "filename": "docs/archive/DEPENDABOT_PRs_REVIEW.md",
        "hashed_secret": "6d9c68c603e465077bdd49c62347fe54717f83a3",
        "is_verified": false,
        "line_number": 129
      }
    ],
    "docs/archive/PLUGIN_ARCHITECTURE.md": [
      {
        "type": "Basic Auth Credentials",
        "filename": "docs/archive/PLUGIN_ARCHITECTURE.md",
        "hashed_secret": "9d4e1e23bd5b727046a9e3b4b7db57bd8d6ee684",
        "is_verified": false,
        "line_number": 361
      }
    ],
    "docs/archive/api-reference/config.md": [
      {
        "type": "Basic Auth Credentials",
        "filename": "docs/archive/api-reference/config.md",
        "hashed_secret": "9d4e1e23bd5b727046a9e3b4b7db57bd8d6ee684",
        "is_verified": false,
        "line_number": 185
      }
    ],
    "docs/archive/api-reference/llm-toolkit.md": [
      {
        "type": "Secret Keyword",
        "filename": "docs/archive/api-reference/llm-toolkit.md",
        "hashed_secret": "8b2e752bc51be6af251dee25e182e789f445ae94",
        "is_verified": false,
        "line_number": 155
      },
      {
        "type": "Basic Auth Credentials",
        "filename": "docs/archive/api-reference/llm-toolkit.md",
        "hashed_secret": "9d4e1e23bd5b727046a9e3b4b7db57bd8d6ee684",
        "is_verified": false,
        "line_number": 156
      }
    ],
    "docs/archive/api-reference/software-wizards.md": [
      {
        "type": "Secret Keyword",
        "filename": "docs/archive/api-reference/software-wizards.md",
        "hashed_secret": "7bd211b2379c145631ad5d8f68d798ac204f7758",
        "is_verified": false,
        "line_number": 145
      }
    ],
    "docs/archive/architecture/SECURE_MEMORY_ARCHITECTURE.md": [
      {
        "type": "Secret Keyword",
        "filename": "docs/archive/architecture/SECURE_MEMORY_ARCHITECTURE.md",
        "hashed_secret": "15a78bff0e63fdf4fa68393a8ce7574056099e9d",
        "is_verified": false,
        "line_number": 827
      }
    ],
    "docs/archive/blog/07-cutting-claude-costs-with-intelligent-fallback.md": [
      {
        "type": "Secret Keyword",
        "filename": "docs/archive/blog/07-cutting-claude-costs-with-intelligent-fallback.md",
        "hashed_secret": "a8253456364f1bfc7da7ae4a1db5b45d106317a5",
        "is_verified": false,
        "line_number": 536
      }
    ],
    "docs/archive/blog/12-three-stages-of-a-great-workflow.md": [
      {
        "type": "Secret Keyword",
        "filename": "docs/archive/blog/12-three-stages-of-a-great-workflow.md",
        "hashed_secret": "a8253456364f1bfc7da7ae4a1db5b45d106317a5",
        "is_verified": false,
        "line_number": 32
      }
    ],
    "docs/archive/data/SESSION_CONTEXT.json": [
      {
        "type": "Base64 High Entropy String",
        "filename": "docs/archive/data/SESSION_CONTEXT.json",
        "hashed_secret": "aab8dc5856c1712f45485ab11f3348edc8afefd9",
        "is_verified": false,
        "line_number": 7
      },
      {
        "type": "Base64 High Entropy String",
        "filename": "docs/archive/data/SESSION_CONTEXT.json",
        "hashed_secret": "08425221864563519ba93a5dc488d008e7f90c15",
        "is_verified": false,
        "line_number": 26
      }
    ],
    "docs/archive/development-logs/PHASE2_COMPLETE.md": [
      {
        "type": "Secret Keyword",
        "filename": "docs/archive/development-logs/PHASE2_COMPLETE.md",
        "hashed_secret": "15a78bff0e63fdf4fa68393a8ce7574056099e9d",
        "is_verified": false,
        "line_number": 285
      },
      {
        "type": "Secret Keyword",
        "filename": "docs/archive/development-logs/PHASE2_COMPLETE.md",
        "hashed_secret": "6d9c68c603e465077bdd49c62347fe54717f83a3",
        "is_verified": false,
        "line_number": 335
      }
    ],
    "docs/archive/development-logs/PHASE3_SECURITY_INTEGRATION_SUMMARY.md": [
      {
        "type": "Secret Keyword",
        "filename": "docs/archive/development-logs/PHASE3_SECURITY_INTEGRATION_SUMMARY.md",
        "hashed_secret": "19e662368a1065e8e98fdb0d0ec341e3382132cc",
        "is_verified": false,
        "line_number": 206
      }
    ],
    "docs/archive/development-logs/WEEK2_EXECUTION_PLAN.md": [
      {
        "type": "Secret Keyword",
        "filename": "docs/archive/development-logs/WEEK2_EXECUTION_PLAN.md",
        "hashed_secret": "3acfb2c2b433c0ea7ff107e33df91b18e52f960f",
        "is_verified": false,
        "line_number": 407
      },
      {
        "type": "Secret Keyword",
        "filename": "docs/archive/development-logs/WEEK2_EXECUTION_PLAN.md",
        "hashed_secret": "8196c865dfbc309dbe90ff0a8cc8f6a396c6f24c",
        "is_verified": false,
        "line_number": 426
      }
    ],
    "docs/archive/explanation/multi-agent-philosophy.md": [
      {
        "type": "Basic Auth Credentials",
        "filename": "docs/archive/explanation/multi-agent-philosophy.md",
        "hashed_secret": "5baa61e4c9b93f3f0682250b6cf8331b7ee68fd8",
        "is_verified": false,
        "line_number": 72
      }
    ],
    "docs/archive/misc/AUTH_STRATEGY_GUIDE.md": [
      {
        "type": "Secret Keyword",
        "filename": "docs/archive/misc/AUTH_STRATEGY_GUIDE.md",
        "hashed_secret": "a8253456364f1bfc7da7ae4a1db5b45d106317a5",
        "is_verified": false,
        "line_number": 154
      },
      {
        "type": "Secret Keyword",
        "filename": "docs/archive/misc/AUTH_STRATEGY_GUIDE.md",
        "hashed_secret": "9123b6fe99dbec1ef7f94cb2178461d53fde3538",
        "is_verified": false,
        "line_number": 189
      }
    ],
    "docs/archive/misc/IMPLEMENTATION_COMPLETE.md": [
      {
        "type": "Hex High Entropy String",
        "filename": "docs/archive/misc/IMPLEMENTATION_COMPLETE.md",
        "hashed_secret": "b4c9248600a42f8c38c01b632f392dbcb4c7b19a",
        "is_verified": false,
        "line_number": 163
      }
    ],
    "docs/archive/misc/REDIS_SECURITY.md": [
      {
        "type": "Secret Keyword",
        "filename": "docs/archive/misc/REDIS_SECURITY.md",
        "hashed_secret": "a6778f1880744bd1a342a8e3789135412d8f9da2",
        "is_verified": false,
        "line_number": 52
      },
      {
        "type": "Basic Auth Credentials",
        "filename": "docs/archive/misc/REDIS_SECURITY.md",
        "hashed_secret": "5baa61e4c9b93f3f0682250b6cf8331b7ee68fd8",
        "is_verified": false,
        "line_number": 82
      },
      {
        "type": "Private Key",
        "filename": "docs/archive/misc/REDIS_SECURITY.md",
        "hashed_secret": "be4fc4886bd949b369d5e092eb87494f12e57e5b",
        "is_verified": false,
        "line_number": 169
      },
      {
        "type": "Basic Auth Credentials",
        "filename": "docs/archive/misc/REDIS_SECURITY.md",
        "hashed_secret": "9d4e1e23bd5b727046a9e3b4b7db57bd8d6ee684",
        "is_verified": false,
        "line_number": 171
      },
      {
        "type": "Secret Keyword",
        "filename": "docs/archive/misc/REDIS_SECURITY.md",
        "hashed_secret": "876928ee0f050f576d7cd7f8121025251707cb09",
        "is_verified": false,
        "line_number": 182
      },
      {
        "type": "Secret Keyword",
        "filename": "docs/archive/misc/REDIS_SECURITY.md",
        "hashed_secret": "f915a11648ccab9340d5f123f2bcc87a5c70b18a",
        "is_verified": false,
        "line_number": 343
      }
    ],
    "docs/archive/misc/SCANNER_OPTIMIZATIONS.md": [
      {
        "type": "Hex High Entropy String",
        "filename": "docs/archive/misc/SCANNER_OPTIMIZATIONS.md",
        "hashed_secret": "b4c9248600a42f8c38c01b632f392dbcb4c7b19a",
        "is_verified": false,
        "line_number": 174
      }
    ],
    "docs/archive/misc/SECURITY.md": [
      {
        "type": "AWS Access Key",
        "filename": "docs/archive/misc/SECURITY.md",
        "hashed_secret": "25910f981e85ca04baf359199dd0bd4a3ae738b6",
        "is_verified": false,
        "line_number": 135
      }
    ],
    "docs/archive/misc/USER_API_DOCUMENTATION.md": [
      {
        "type": "Secret Keyword",
        "filename": "docs/archive/misc/USER_API_DOCUMENTATION.md",
        "hashed_secret": "aecdccc1cf64595b34e0cc152d238daabb32183a",
        "is_verified": false,
        "line_number": 678
      }
    ],
    "docs/archive/reports/SEMANTIC_CACHE_REPORT.md": [
      {
        "type": "Secret Keyword",
        "filename": "docs/archive/reports/SEMANTIC_CACHE_REPORT.md",
        "hashed_secret": "f865b53623b121fd34ee5426c792e5c33af8c227",
        "is_verified": false,
        "line_number": 34
      }
    ],
    "docs/archive/tutorials/tutorial_sonnet_opus_strategy.md": [
      {
        "type": "Secret Keyword",
        "filename": "docs/archive/tutorials/tutorial_sonnet_opus_strategy.md",
        "hashed_secret": "a8253456364f1bfc7da7ae4a1db5b45d106317a5",
        "is_verified": false,
        "line_number": 607
      }
    ],
    "docs/blog/social/reddit_claude_costs_tutorial.md": [
      {
        "type": "Secret Keyword",
        "filename": "docs/blog/social/reddit_claude_costs_tutorial.md",
        "hashed_secret": "a8253456364f1bfc7da7ae4a1db5b45d106317a5",
        "is_verified": false,
        "line_number": 22
      },
      {
        "type": "Secret Keyword",
        "filename": "docs/blog/social/reddit_claude_costs_tutorial.md",
        "hashed_secret": "c7a8c334eef5d1749fface7d42c66f9ae5e8cf36",
        "is_verified": false,
        "line_number": 308
      }
    ],
    "docs/getting-started/choose-your-path.md": [
      {
        "type": "Secret Keyword",
        "filename": "docs/getting-started/choose-your-path.md",
        "hashed_secret": "6d9c68c603e465077bdd49c62347fe54717f83a3",
        "is_verified": false,
        "line_number": 64
      }
    ],
    "docs/getting-started/index.md": [
      {
        "type": "Secret Keyword",
        "filename": "docs/getting-started/index.md",
        "hashed_secret": "c7a8c334eef5d1749fface7d42c66f9ae5e8cf36",
        "is_verified": false,
        "line_number": 34
      }
    ],
    "docs/getting-started/installation.md": [
      {
        "type": "Secret Keyword",
        "filename": "docs/getting-started/installation.md",
        "hashed_secret": "c7a8c334eef5d1749fface7d42c66f9ae5e8cf36",
        "is_verified": false,
        "line_number": 55
      }
    ],
    "docs/getting-started/mcp-integration.md": [
      {
        "type": "Secret Keyword",
        "filename": "docs/getting-started/mcp-integration.md",
        "hashed_secret": "aecdccc1cf64595b34e0cc152d238daabb32183a",
        "is_verified": false,
        "line_number": 79
      }
    ],
    "docs/getting-started/redis-setup.md": [
      {
        "type": "Basic Auth Credentials",
        "filename": "docs/getting-started/redis-setup.md",
        "hashed_secret": "5baa61e4c9b93f3f0682250b6cf8331b7ee68fd8",
        "is_verified": false,
        "line_number": 57
      }
    ],
    "docs/how-to/prerequisites.md": [
      {
        "type": "Basic Auth Credentials",
        "filename": "docs/how-to/prerequisites.md",
        "hashed_secret": "5baa61e4c9b93f3f0682250b6cf8331b7ee68fd8",
        "is_verified": false,
        "line_number": 89
      },
      {
        "type": "Secret Keyword",
        "filename": "docs/how-to/prerequisites.md",
        "hashed_secret": "c7a8c334eef5d1749fface7d42c66f9ae5e8cf36",
        "is_verified": false,
        "line_number": 115
      },
      {
        "type": "Secret Keyword",
        "filename": "docs/how-to/prerequisites.md",
        "hashed_secret": "ec3810e10fb78db55ce38b9c18d1c3eb1db739e0",
        "is_verified": false,
        "line_number": 123
      },
      {
        "type": "Secret Keyword",
        "filename": "docs/how-to/prerequisites.md",
        "hashed_secret": "b780a23b530ef6bb5c3b722a0c9c5e3abf222e8b",
        "is_verified": false,
        "line_number": 212
      },
      {
        "type": "Secret Keyword",
        "filename": "docs/how-to/prerequisites.md",
        "hashed_secret": "a19ee5a9fdc191092796cd9bfa97c55fe5631695",
        "is_verified": false,
        "line_number": 213
      },
      {
        "type": "Secret Keyword",
        "filename": "docs/how-to/prerequisites.md",
        "hashed_secret": "a8253456364f1bfc7da7ae4a1db5b45d106317a5",
        "is_verified": false,
        "line_number": 287
      }
    ],
    "docs/how-to/security-architecture.md": [
      {
        "type": "AWS Access Key",
        "filename": "docs/how-to/security-architecture.md",
        "hashed_secret": "25910f981e85ca04baf359199dd0bd4a3ae738b6",
        "is_verified": false,
        "line_number": 143
      },
      {
        "type": "Private Key",
        "filename": "docs/how-to/security-architecture.md",
        "hashed_secret": "1348b145fa1a555461c1b790a2f66614781091e9",
        "is_verified": false,
        "line_number": 148
      },
      {
        "type": "Secret Keyword",
        "filename": "docs/how-to/security-architecture.md",
        "hashed_secret": "9ba3a4ba212ffa8a11e06366fed296bf224258e2",
        "is_verified": false,
        "line_number": 159
      },
      {
        "type": "Secret Keyword",
        "filename": "docs/how-to/security-architecture.md",
        "hashed_secret": "b55129966780c0666751b916d6e99b2a5cd382d9",
        "is_verified": false,
        "line_number": 365
      }
    ],
    "docs/how-to/unified-memory-system.md": [
      {
        "type": "Basic Auth Credentials",
        "filename": "docs/how-to/unified-memory-system.md",
        "hashed_secret": "9d4e1e23bd5b727046a9e3b4b7db57bd8d6ee684",
        "is_verified": false,
        "line_number": 91
      }
    ],
    "docs/quickstart.md": [
      {
        "type": "Secret Keyword",
        "filename": "docs/quickstart.md",
        "hashed_secret": "c7a8c334eef5d1749fface7d42c66f9ae5e8cf36",
        "is_verified": false,
        "line_number": 18
      }
    ],
    "docs/reference/SHORT_TERM_MEMORY.md": [
      {
        "type": "Basic Auth Credentials",
        "filename": "docs/reference/SHORT_TERM_MEMORY.md",
        "hashed_secret": "5baa61e4c9b93f3f0682250b6cf8331b7ee68fd8",
        "is_verified": false,
        "line_number": 79
      },
      {
        "type": "Secret Keyword",
        "filename": "docs/reference/SHORT_TERM_MEMORY.md",
        "hashed_secret": "564e340cd48437d2dfe876ee154cc99dc4d0d137",
        "is_verified": false,
        "line_number": 100
      }
    ],
    "docs/reference/USER_GUIDE.md": [
      {
        "type": "Secret Keyword",
        "filename": "docs/reference/USER_GUIDE.md",
        "hashed_secret": "95cbaa70a4039fe65cf42047f9cb03028d3cd8a9",
        "is_verified": false,
        "line_number": 688
      }
    ],
    "docs/reference/config.md": [
      {
        "type": "Basic Auth Credentials",
        "filename": "docs/reference/config.md",
        "hashed_secret": "9d4e1e23bd5b727046a9e3b4b7db57bd8d6ee684",
        "is_verified": false,
        "line_number": 185
      }
    ],
    "docs/reference/llm-toolkit.md": [
      {
        "type": "Secret Keyword",
        "filename": "docs/reference/llm-toolkit.md",
        "hashed_secret": "8b2e752bc51be6af251dee25e182e789f445ae94",
        "is_verified": false,
        "line_number": 155
      },
      {
        "type": "Basic Auth Credentials",
        "filename": "docs/reference/llm-toolkit.md",
        "hashed_secret": "9d4e1e23bd5b727046a9e3b4b7db57bd8d6ee684",
        "is_verified": false,
        "line_number": 156
      }
    ],
    "docs/reference/software-wizards.md": [
      {
        "type": "Secret Keyword",
        "filename": "docs/reference/software-wizards.md",
        "hashed_secret": "7bd211b2379c145631ad5d8f68d798ac204f7758",
        "is_verified": false,
        "line_number": 145
      }
    ],
    "packages/attune-help/src/attune_help/templates/tasks/task-database-migrations.md": [
      {
        "type": "Hex High Entropy String",
        "filename": "packages/attune-help/src/attune_help/templates/tasks/task-database-migrations.md",
        "hashed_secret": "ef678205593788329ff416ce5c65fa04f33a05bd",
        "is_verified": false,
        "line_number": 73
      },
      {
        "type": "Hex High Entropy String",
        "filename": "packages/attune-help/src/attune_help/templates/tasks/task-database-migrations.md",
        "hashed_secret": "7344cc919d5974d4203370e14da4b554d599ef6d",
        "is_verified": false,
        "line_number": 74
      }
    ],
    "plugin/help/generated/source_manifest.json": [
      {
        "type": "Hex High Entropy String",
        "filename": "plugin/help/generated/source_manifest.json",
        "hashed_secret": "55fbfb0bcf7591ea754b1438860feafba0c2a544",
        "is_verified": false,
        "line_number": 4
      },
      {
        "type": "Hex High Entropy String",
        "filename": "plugin/help/generated/source_manifest.json",
        "hashed_secret": "9333e06b96d284a5a090630a09576beae837467b",
        "is_verified": false,
        "line_number": 9
      },
      {
        "type": "Hex High Entropy String",
        "filename": "plugin/help/generated/source_manifest.json",
        "hashed_secret": "48621abd530b6c7bd7858c803b8ca727b8b52786",
        "is_verified": false,
        "line_number": 14
      },
      {
        "type": "Hex High Entropy String",
        "filename": "plugin/help/generated/source_manifest.json",
        "hashed_secret": "3308a0511523c19807c331a3a7e439a39ec31d94",
        "is_verified": false,
        "line_number": 19
      },
      {
        "type": "Hex High Entropy String",
        "filename": "plugin/help/generated/source_manifest.json",
        "hashed_secret": "2a76843b1ac5401c7a9dbda33a78e7683474cc00",
        "is_verified": false,
        "line_number": 24
      },
      {
        "type": "Hex High Entropy String",
        "filename": "plugin/help/generated/source_manifest.json",
        "hashed_secret": "2937c72a01e68629a8e8238669191b4451752989",
        "is_verified": false,
        "line_number": 39
      },
      {
        "type": "Hex High Entropy String",
        "filename": "plugin/help/generated/source_manifest.json",
        "hashed_secret": "b01a0553b57dbfea55485794e9edb8365936fe72",
        "is_verified": false,
        "line_number": 49
      },
      {
        "type": "Hex High Entropy String",
        "filename": "plugin/help/generated/source_manifest.json",
        "hashed_secret": "6545799a3a1f209db4a86dc528a6f598c79bd1da",
        "is_verified": false,
        "line_number": 54
      },
      {
        "type": "Hex High Entropy String",
        "filename": "plugin/help/generated/source_manifest.json",
        "hashed_secret": "98c72523b702cc78d1f1ec71f5bd295a620d4838",
        "is_verified": false,
        "line_number": 59
      },
      {
        "type": "Hex High Entropy String",
        "filename": "plugin/help/generated/source_manifest.json",
        "hashed_secret": "05d3cb926e10292c1c676e13860952d7b998267c",
        "is_verified": false,
        "line_number": 64
      },
      {
        "type": "Hex High Entropy String",
        "filename": "plugin/help/generated/source_manifest.json",
        "hashed_secret": "e6b7ab42ba5de4175b7a907d7b77583ff30e56ad",
        "is_verified": false,
        "line_number": 69
      },
      {
        "type": "Hex High Entropy String",
        "filename": "plugin/help/generated/source_manifest.json",
        "hashed_secret": "745163d52ba17c443ee48543894397d9e65d22f8",
        "is_verified": false,
        "line_number": 74
      },
      {
        "type": "Hex High Entropy String",
        "filename": "plugin/help/generated/source_manifest.json",
        "hashed_secret": "620200739622acca254175c0e8b4cfefaba4060a",
        "is_verified": false,
        "line_number": 79
      },
      {
        "type": "Hex High Entropy String",
        "filename": "plugin/help/generated/source_manifest.json",
        "hashed_secret": "2362874a883b2c8143cd6daff0ff2fba726cc1fb",
        "is_verified": false,
        "line_number": 84
      },
      {
        "type": "Hex High Entropy String",
        "filename": "plugin/help/generated/source_manifest.json",
        "hashed_secret": "c5bb06d66f70569a313ca3cb9b1d0fa576f94b9f",
        "is_verified": false,
        "line_number": 89
      },
      {
        "type": "Hex High Entropy String",
        "filename": "plugin/help/generated/source_manifest.json",
        "hashed_secret": "602f66c30a4cfe017261c92a5bae7cca8fd7707b",
        "is_verified": false,
        "line_number": 94
      },
      {
        "type": "Hex High Entropy String",
        "filename": "plugin/help/generated/source_manifest.json",
        "hashed_secret": "7e61058655443f0f19713929cc4684a5709826d3",
        "is_verified": false,
        "line_number": 99
      },
      {
        "type": "Hex High Entropy String",
        "filename": "plugin/help/generated/source_manifest.json",
        "hashed_secret": "900ab6ec034380e3ee05667bb20221a7e0293d81",
        "is_verified": false,
        "line_number": 104
      },
      {
        "type": "Hex High Entropy String",
        "filename": "plugin/help/generated/source_manifest.json",
        "hashed_secret": "444b680ebab5317e20ff68988fe736728abe2e79",
        "is_verified": false,
        "line_number": 109
      },
      {
        "type": "Hex High Entropy String",
        "filename": "plugin/help/generated/source_manifest.json",
        "hashed_secret": "4a113e7b65b39e5f05fe94e89f636ad72fdb074d",
        "is_verified": false,
        "line_number": 114
      },
      {
        "type": "Hex High Entropy String",
        "filename": "plugin/help/generated/source_manifest.json",
        "hashed_secret": "0fb992783a4ff65391552a0881f5b52af891089d",
        "is_verified": false,
        "line_number": 119
      },
      {
        "type": "Hex High Entropy String",
        "filename": "plugin/help/generated/source_manifest.json",
        "hashed_secret": "b02a09d829f12c33ac359dcf2903f197daabab35",
        "is_verified": false,
        "line_number": 124
      },
      {
        "type": "Hex High Entropy String",
        "filename": "plugin/help/generated/source_manifest.json",
        "hashed_secret": "48b2523be5d497196fdab77d7014492d2a30b708",
        "is_verified": false,
        "line_number": 1584
      },
      {
        "type": "Hex High Entropy String",
        "filename": "plugin/help/generated/source_manifest.json",
        "hashed_secret": "a1c08548b5609575cc63017dc007dbb071848cd6",
        "is_verified": false,
        "line_number": 1629
      },
      {
        "type": "Hex High Entropy String",
        "filename": "plugin/help/generated/source_manifest.json",
        "hashed_secret": "6daad3a0adfcdc26a22fc55b67cb9205c2eafe9e",
        "is_verified": false,
        "line_number": 1679
      },
      {
        "type": "Hex High Entropy String",
        "filename": "plugin/help/generated/source_manifest.json",
        "hashed_secret": "1078b298828afd3ce489dc166aef68919d78d1cf",
        "is_verified": false,
        "line_number": 1684
      },
      {
        "type": "Hex High Entropy String",
        "filename": "plugin/help/generated/source_manifest.json",
        "hashed_secret": "f5085f37be359070bbbf106792adb3265abd4bdb",
        "is_verified": false,
        "line_number": 1699
      },
      {
        "type": "Hex High Entropy String",
        "filename": "plugin/help/generated/source_manifest.json",
        "hashed_secret": "8ab32f237c67d80b9c0287f6b4a14972cc7d1dc6",
        "is_verified": false,
        "line_number": 1859
      },
      {
        "type": "Hex High Entropy String",
        "filename": "plugin/help/generated/source_manifest.json",
        "hashed_secret": "1ba7ba74ac2af2236e1c991b091762fd3cfd4b8c",
        "is_verified": false,
        "line_number": 2119
      }
    ],
    "src/attune/cli_commands/utility_commands.py": [
      {
        "type": "Secret Keyword",
        "filename": "src/attune/cli_commands/utility_commands.py",
        "hashed_secret": "a8a87e541ece4625e78cb06bef5c5ea451aabd1f",
        "is_verified": false,
        "line_number": 200
      }
    ],
    "src/attune/memory/security/log_methods.py": [
      {
        "type": "Secret Keyword",
        "filename": "src/attune/memory/security/log_methods.py",
        "hashed_secret": "665b1e3851eefefa3fb878654292f16597d25155",
        "is_verified": false,
        "line_number": 393
      }
    ],
    "src/attune/memory/security/secrets_detector.py": [
      {
        "type": "Private Key",
        "filename": "src/attune/memory/security/secrets_detector.py",
        "hashed_secret": "be4fc4886bd949b369d5e092eb87494f12e57e5b",
        "is_verified": false,
        "line_number": 162
      },
      {
        "type": "Private Key",
        "filename": "src/attune/memory/security/secrets_detector.py",
        "hashed_secret": "27c6929aef41ae2bcadac15ca6abcaff72cda9cd",
        "is_verified": false,
        "line_number": 168
      },
      {
        "type": "Private Key",
        "filename": "src/attune/memory/security/secrets_detector.py",
        "hashed_secret": "f0778f3e140a61d5bbbed5430773e52af2f5fba4",
        "is_verified": false,
        "line_number": 174
      },
      {
        "type": "Private Key",
        "filename": "src/attune/memory/security/secrets_detector.py",
        "hashed_secret": "4ada9713ec27066b2ffe0b7bd9c9c8d635dc4ab2",
        "is_verified": false,
        "line_number": 180
      },
      {
        "type": "Private Key",
        "filename": "src/attune/memory/security/secrets_detector.py",
        "hashed_secret": "1348b145fa1a555461c1b790a2f66614781091e9",
        "is_verified": false,
        "line_number": 186
      },
      {
        "type": "Secret Keyword",
        "filename": "src/attune/memory/security/secrets_detector.py",
        "hashed_secret": "e70cc9a2958365d43b34a5565250905065c9e0de",
        "is_verified": false,
        "line_number": 577
      },
      {
        "type": "Secret Keyword",
        "filename": "src/attune/memory/security/secrets_detector.py",
        "hashed_secret": "ed007220fcf2841dc86aff0fa9101b54f6a94302",
        "is_verified": false,
        "line_number": 578
      },
      {
        "type": "AWS Access Key",
        "filename": "src/attune/memory/security/secrets_detector.py",
        "hashed_secret": "25910f981e85ca04baf359199dd0bd4a3ae738b6",
        "is_verified": false,
        "line_number": 579
      },
      {
        "type": "Secret Keyword",
        "filename": "src/attune/memory/security/secrets_detector.py",
        "hashed_secret": "992fc72621857e9e8473e7219176791d1d0de9ea",
        "is_verified": false,
        "line_number": 581
      },
      {
        "type": "Basic Auth Credentials",
        "filename": "src/attune/memory/security/secrets_detector.py",
        "hashed_secret": "5baa61e4c9b93f3f0682250b6cf8331b7ee68fd8",
        "is_verified": false,
        "line_number": 584
      }
    ],
    "src/attune/memory/security/secrets_types.py": [
      {
        "type": "Secret Keyword",
        "filename": "src/attune/memory/security/secrets_types.py",
        "hashed_secret": "0f5649c9ee9b12e2dac7ee4cc9becb72a0d068ba",
        "is_verified": false,
        "line_number": 19
      },
      {
        "type": "Secret Keyword",
        "filename": "src/attune/memory/security/secrets_types.py",
        "hashed_secret": "bde4db9b4c3be4049adc3b9a69851d7c35119770",
        "is_verified": false,
        "line_number": 20
      },
      {
        "type": "Secret Keyword",
        "filename": "src/attune/memory/security/secrets_types.py",
        "hashed_secret": "584f3ae6b03df2f5d377bef9ee65ad0e967fd509",
        "is_verified": false,
        "line_number": 22
      },
      {
        "type": "Secret Keyword",
        "filename": "src/attune/memory/security/secrets_types.py",
        "hashed_secret": "91dbc0fd3d415dc482cb6890950a28972aed862e",
        "is_verified": false,
        "line_number": 26
      },
      {
        "type": "Secret Keyword",
        "filename": "src/attune/memory/security/secrets_types.py",
        "hashed_secret": "5baa61e4c9b93f3f0682250b6cf8331b7ee68fd8",
        "is_verified": false,
        "line_number": 29
      },
      {
        "type": "Secret Keyword",
        "filename": "src/attune/memory/security/secrets_types.py",
        "hashed_secret": "a1a4d6186714502ae58800af1d76f93162e59413",
        "is_verified": false,
        "line_number": 33
      },
      {
        "type": "Secret Keyword",
        "filename": "src/attune/memory/security/secrets_types.py",
        "hashed_secret": "ed6836bba164e8936b4aaf6b78f37a8583032364",
        "is_verified": false,
        "line_number": 34
      },
      {
        "type": "Secret Keyword",
        "filename": "src/attune/memory/security/secrets_types.py",
        "hashed_secret": "02e4e257e08a0d2aad61300011ba484524b848bf",
        "is_verified": false,
        "line_number": 35
      },
      {
        "type": "Secret Keyword",
        "filename": "src/attune/memory/security/secrets_types.py",
        "hashed_secret": "b51c4b758909a2272b1747c2b3b2321c5ec303db",
        "is_verified": false,
        "line_number": 36
      }
    ],
    "src/attune/models/provider_config.py": [
      {
        "type": "Secret Keyword",
        "filename": "src/attune/models/provider_config.py",
        "hashed_secret": "a8253456364f1bfc7da7ae4a1db5b45d106317a5",
        "is_verified": false,
        "line_number": 213
      }
    ],
    "src/attune/redis_config.py": [
      {
        "type": "Basic Auth Credentials",
        "filename": "src/attune/redis_config.py",
        "hashed_secret": "9d4e1e23bd5b727046a9e3b4b7db57bd8d6ee684",
        "is_verified": false,
        "line_number": 15
      }
    ],
    "src/attune/socratic/mcp_server.py": [
      {
        "type": "Secret Keyword",
        "filename": "src/attune/socratic/mcp_server.py",
        "hashed_secret": "6d9c68c603e465077bdd49c62347fe54717f83a3",
        "is_verified": false,
        "line_number": 15
      }
    ],
    "src/attune/template_defs_web.py": [
      {
        "type": "Secret Keyword",
        "filename": "src/attune/template_defs_web.py",
        "hashed_secret": "6d9c68c603e465077bdd49c62347fe54717f83a3",
        "is_verified": false,
        "line_number": 317
      }
    ],
    "tests/agent_factory/test_llm_toolkit_agents.py": [
      {
        "type": "Secret Keyword",
        "filename": "tests/agent_factory/test_llm_toolkit_agents.py",
        "hashed_secret": "00942f4668670f34c5943cf52c7ef3139fe2b8d6",
        "is_verified": false,
        "line_number": 241
      }
    ],
    "tests/agent_factory/test_llm_toolkit_langgraph_adapter.py": [
      {
        "type": "Secret Keyword",
        "filename": "tests/agent_factory/test_llm_toolkit_langgraph_adapter.py",
        "hashed_secret": "3acfb2c2b433c0ea7ff107e33df91b18e52f960f",
        "is_verified": false,
        "line_number": 460
      },
      {
        "type": "Secret Keyword",
        "filename": "tests/agent_factory/test_llm_toolkit_langgraph_adapter.py",
        "hashed_secret": "56e1d57b8db262b08bc73c60ed08d8c92e59503f",
        "is_verified": false,
        "line_number": 468
      },
      {
        "type": "Secret Keyword",
        "filename": "tests/agent_factory/test_llm_toolkit_langgraph_adapter.py",
        "hashed_secret": "0d1919ff4eebc7af7ee04381259deedc059369aa",
        "is_verified": false,
        "line_number": 478
      }
    ],
    "tests/agent_factory/test_llm_toolkit_wizard_adapter.py": [
      {
        "type": "Secret Keyword",
        "filename": "tests/agent_factory/test_llm_toolkit_wizard_adapter.py",
        "hashed_secret": "3acfb2c2b433c0ea7ff107e33df91b18e52f960f",
        "is_verified": false,
        "line_number": 364
      }
    ],
    "tests/agent_factory/test_native_adapter.py": [
      {
        "type": "Secret Keyword",
        "filename": "tests/agent_factory/test_native_adapter.py",
        "hashed_secret": "37a33aa9f99af2286aa1e85cc4d03e9a3fd732a8",
        "is_verified": false,
        "line_number": 598
      },
      {
        "type": "Secret Keyword",
        "filename": "tests/agent_factory/test_native_adapter.py",
        "hashed_secret": "bea2f7b64fab8d1d414d0449530b1e088d36d5b1",
        "is_verified": false,
        "line_number": 606
      },
      {
        "type": "Secret Keyword",
        "filename": "tests/agent_factory/test_native_adapter.py",
        "hashed_secret": "0d1919ff4eebc7af7ee04381259deedc059369aa",
        "is_verified": false,
        "line_number": 609
      }
    ],
    "tests/agents/test_notifications.py": [
      {
        "type": "Secret Keyword",
        "filename": "tests/agents/test_notifications.py",
        "hashed_secret": "206c80413b9a96c1312cc346b7d2517b84463edd",
        "is_verified": false,
        "line_number": 20
      }
    ],
    "tests/llm/test_empathy_llm_core.py": [
      {
        "type": "Secret Keyword",
        "filename": "tests/llm/test_empathy_llm_core.py",
        "hashed_secret": "3acfb2c2b433c0ea7ff107e33df91b18e52f960f",
        "is_verified": false,
        "line_number": 686
      }
    ],
    "tests/llm/test_llm_toolkit_empathy_core.py": [
      {
        "type": "Secret Keyword",
        "filename": "tests/llm/test_llm_toolkit_empathy_core.py",
        "hashed_secret": "3acfb2c2b433c0ea7ff107e33df91b18e52f960f",
        "is_verified": false,
        "line_number": 97
      },
      {
        "type": "Secret Keyword",
        "filename": "tests/llm/test_llm_toolkit_empathy_core.py",
        "hashed_secret": "bea2f7b64fab8d1d414d0449530b1e088d36d5b1",
        "is_verified": false,
        "line_number": 99
      }
    ],
    "tests/llm/test_llm_toolkit_providers.py": [
      {
        "type": "Secret Keyword",
        "filename": "tests/llm/test_llm_toolkit_providers.py",
        "hashed_secret": "3acfb2c2b433c0ea7ff107e33df91b18e52f960f",
        "is_verified": false,
        "line_number": 66
      },
      {
        "type": "Secret Keyword",
        "filename": "tests/llm/test_llm_toolkit_providers.py",
        "hashed_secret": "e9a5f12a8ecbb3eb46eca5096b5c52aa5e7c9fdd",
        "is_verified": false,
        "line_number": 115
      }
    ],
    "tests/llm/test_providers.py": [
      {
        "type": "Secret Keyword",
        "filename": "tests/llm/test_providers.py",
        "hashed_secret": "3acfb2c2b433c0ea7ff107e33df91b18e52f960f",
        "is_verified": false,
        "line_number": 77
      }
    ],
    "tests/memory/test_claude_memory.py": [
      {
        "type": "Secret Keyword",
        "filename": "tests/memory/test_claude_memory.py",
        "hashed_secret": "68d02eebd4038811ea74aa98bd396ec8bc29a3b0",
        "is_verified": false,
        "line_number": 277
      }
    ],
    "tests/memory/test_redis_config.py": [
      {
        "type": "Basic Auth Credentials",
        "filename": "tests/memory/test_redis_config.py",
        "hashed_secret": "e5e9fa1ba31ecd1ae84f75caaa474f3a663f05f4",
        "is_verified": false,
        "line_number": 46
      },
      {
        "type": "Secret Keyword",
        "filename": "tests/memory/test_redis_config.py",
        "hashed_secret": "e5e9fa1ba31ecd1ae84f75caaa474f3a663f05f4",
        "is_verified": false,
        "line_number": 51
      },
      {
        "type": "Basic Auth Credentials",
        "filename": "tests/memory/test_redis_config.py",
        "hashed_secret": "9d4e1e23bd5b727046a9e3b4b7db57bd8d6ee684",
        "is_verified": false,
        "line_number": 124
      },
      {
        "type": "Secret Keyword",
        "filename": "tests/memory/test_redis_config.py",
        "hashed_secret": "9d4e1e23bd5b727046a9e3b4b7db57bd8d6ee684",
        "is_verified": false,
        "line_number": 132
      },
      {
        "type": "Secret Keyword",
        "filename": "tests/memory/test_redis_config.py",
        "hashed_secret": "e9fe51f94eadabf54dbf2fbbd57188b9abee436e",
        "is_verified": false,
        "line_number": 158
      },
      {
        "type": "Secret Keyword",
        "filename": "tests/memory/test_redis_config.py",
        "hashed_secret": "364bdf2ed77a8544d3b711a03b69eeadcc63c9d7",
        "is_verified": false,
        "line_number": 346
      },
      {
        "type": "Secret Keyword",
        "filename": "tests/memory/test_redis_config.py",
        "hashed_secret": "9223fc97305d1550b2a0ba1d0445598d6f0a8ca0",
        "is_verified": false,
        "line_number": 365
      }
    ],
    "tests/memory/test_short_term.py": [
      {
        "type": "Secret Keyword",
        "filename": "tests/memory/test_short_term.py",
        "hashed_secret": "e5e9fa1ba31ecd1ae84f75caaa474f3a663f05f4",
        "is_verified": false,
        "line_number": 110
      }
    ],
    "tests/models/test_provider_config.py": [
      {
        "type": "Secret Keyword",
        "filename": "tests/models/test_provider_config.py",
        "hashed_secret": "3acfb2c2b433c0ea7ff107e33df91b18e52f960f",
        "is_verified": false,
        "line_number": 83
      },
      {
        "type": "Secret Keyword",
        "filename": "tests/models/test_provider_config.py",
        "hashed_secret": "338f3edd76531b499a76b321404a4b73f3ff435e",
        "is_verified": false,
        "line_number": 95
      }
    ],
    "tests/security/test_audit_logger.py": [
      {
        "type": "Secret Keyword",
        "filename": "tests/security/test_audit_logger.py",
        "hashed_secret": "665b1e3851eefefa3fb878654292f16597d25155",
        "is_verified": false,
        "line_number": 62
      }
    ],
    "tests/security/test_audit_logger_extended.py": [
      {
        "type": "Secret Keyword",
        "filename": "tests/security/test_audit_logger_extended.py",
        "hashed_secret": "665b1e3851eefefa3fb878654292f16597d25155",
        "is_verified": false,
        "line_number": 800
      }
    ],
    "tests/security/test_llm_toolkit_security.py": [
      {
        "type": "Secret Keyword",
        "filename": "tests/security/test_llm_toolkit_security.py",
        "hashed_secret": "2ef5c1fbcf50a4f18ecf5771534b5f5b88a46e83",
        "is_verified": false,
        "line_number": 448
      },
      {
        "type": "AWS Access Key",
        "filename": "tests/security/test_llm_toolkit_security.py",
        "hashed_secret": "25910f981e85ca04baf359199dd0bd4a3ae738b6",
        "is_verified": false,
        "line_number": 497
      },
      {
        "type": "GitHub Token",
        "filename": "tests/security/test_llm_toolkit_security.py",
        "hashed_secret": "e175c6f5f2a92e8623bd9a4820edb4e8c1b0fd10",
        "is_verified": false,
        "line_number": 508
      },
      {
        "type": "Secret Keyword",
        "filename": "tests/security/test_llm_toolkit_security.py",
        "hashed_secret": "992fc72621857e9e8473e7219176791d1d0de9ea",
        "is_verified": false,
        "line_number": 537
      },
      {
        "type": "Private Key",
        "filename": "tests/security/test_llm_toolkit_security.py",
        "hashed_secret": "be4fc4886bd949b369d5e092eb87494f12e57e5b",
        "is_verified": false,
        "line_number": 546
      },
      {
        "type": "Private Key",
        "filename": "tests/security/test_llm_toolkit_security.py",
        "hashed_secret": "27c6929aef41ae2bcadac15ca6abcaff72cda9cd",
        "is_verified": false,
        "line_number": 558
      },
      {
        "type": "Private Key",
        "filename": "tests/security/test_llm_toolkit_security.py",
        "hashed_secret": "f0778f3e140a61d5bbbed5430773e52af2f5fba4",
        "is_verified": false,
        "line_number": 568
      },
      {
        "type": "Private Key",
        "filename": "tests/security/test_llm_toolkit_security.py",
        "hashed_secret": "4ada9713ec27066b2ffe0b7bd9c9c8d635dc4ab2",
        "is_verified": false,
        "line_number": 577
      },
      {
        "type": "Private Key",
        "filename": "tests/security/test_llm_toolkit_security.py",
        "hashed_secret": "1348b145fa1a555461c1b790a2f66614781091e9",
        "is_verified": false,
        "line_number": 586
      },
      {
        "type": "JSON Web Token",
        "filename": "tests/security/test_llm_toolkit_security.py",
        "hashed_secret": "92a800fa68609f76bfe58e926106352467d3ae8c",
        "is_verified": false,
        "line_number": 596
      },
      {
        "type": "Basic Auth Credentials",
        "filename": "tests/security/test_llm_toolkit_security.py",
        "hashed_secret": "5baa61e4c9b93f3f0682250b6cf8331b7ee68fd8",
        "is_verified": false,
        "line_number": 606
      },
      {
        "type": "Base64 High Entropy String",
        "filename": "tests/security/test_llm_toolkit_security.py",
        "hashed_secret": "c8ace30220fa0515221c39af9f6a213ae47b7e0a",
        "is_verified": false,
        "line_number": 645
      },
      {
        "type": "Secret Keyword",
        "filename": "tests/security/test_llm_toolkit_security.py",
        "hashed_secret": "c8ace30220fa0515221c39af9f6a213ae47b7e0a",
        "is_verified": false,
        "line_number": 645
      },
      {
        "type": "Base64 High Entropy String",
        "filename": "tests/security/test_llm_toolkit_security.py",
        "hashed_secret": "b2bf6b8d4c16544a34425b4edaeadab94d577dba",
        "is_verified": false,
        "line_number": 655
      },
      {
        "type": "Secret Keyword",
        "filename": "tests/security/test_llm_toolkit_security.py",
        "hashed_secret": "f2b14f68eb995facb3a1c35287b778d5bd785511",
        "is_verified": false,
        "line_number": 668
      },
      {
        "type": "Secret Keyword",
        "filename": "tests/security/test_llm_toolkit_security.py",
        "hashed_secret": "e5e9fa1ba31ecd1ae84f75caaa474f3a663f05f4",
        "is_verified": false,
        "line_number": 685
      },
      {
        "type": "Secret Keyword",
        "filename": "tests/security/test_llm_toolkit_security.py",
        "hashed_secret": "08cd923367890009657eab812753379bdb321eeb",
        "is_verified": false,
        "line_number": 696
      },
      {
        "type": "Base64 High Entropy String",
        "filename": "tests/security/test_llm_toolkit_security.py",
        "hashed_secret": "b0165bef5ce815bef86c059ea577c06bfba64cdc",
        "is_verified": false,
        "line_number": 714
      }
    ],
    "tests/security/test_pii_scrubber_extended.py": [
      {
        "type": "Hex High Entropy String",
        "filename": "tests/security/test_pii_scrubber_extended.py",
        "hashed_secret": "90bd1b48e958257948487b90bee080ba5ed00caa",
        "is_verified": false,
        "line_number": 980
      }
    ],
    "tests/security/test_secrets_detector.py": [
      {
        "type": "Base64 High Entropy String",
        "filename": "tests/security/test_secrets_detector.py",
        "hashed_secret": "d233e464395579e28e9b32bf7bfd67ad52871174",
        "is_verified": false,
        "line_number": 39
      },
      {
        "type": "Secret Keyword",
        "filename": "tests/security/test_secrets_detector.py",
        "hashed_secret": "d233e464395579e28e9b32bf7bfd67ad52871174",
        "is_verified": false,
        "line_number": 39
      },
      {
        "type": "Base64 High Entropy String",
        "filename": "tests/security/test_secrets_detector.py",
        "hashed_secret": "8b32434ee0882a1065fbb1545cb33d6f1fa2b424",
        "is_verified": false,
        "line_number": 49
      },
      {
        "type": "Secret Keyword",
        "filename": "tests/security/test_secrets_detector.py",
        "hashed_secret": "8b32434ee0882a1065fbb1545cb33d6f1fa2b424",
        "is_verified": false,
        "line_number": 49
      },
      {
        "type": "AWS Access Key",
        "filename": "tests/security/test_secrets_detector.py",
        "hashed_secret": "d70eab08607a4d05faa2d0d6647206599e9abc65",
        "is_verified": false,
        "line_number": 64
      },
      {
        "type": "Base64 High Entropy String",
        "filename": "tests/security/test_secrets_detector.py",
        "hashed_secret": "d70eab08607a4d05faa2d0d6647206599e9abc65",
        "is_verified": false,
        "line_number": 64
      },
      {
        "type": "Secret Keyword",
        "filename": "tests/security/test_secrets_detector.py",
        "hashed_secret": "d70eab08607a4d05faa2d0d6647206599e9abc65",
        "is_verified": false,
        "line_number": 64
      },
      {
        "type": "GitHub Token",
        "filename": "tests/security/test_secrets_detector.py",
        "hashed_secret": "e175c6f5f2a92e8623bd9a4820edb4e8c1b0fd10",
        "is_verified": false,
        "line_number": 76
      },
      {
        "type": "Base64 High Entropy String",
        "filename": "tests/security/test_secrets_detector.py",
        "hashed_secret": "ff710f15aabf3e96e11af9b0bfc454eb30a5031d",
        "is_verified": false,
        "line_number": 76
      },
      {
        "type": "GitHub Token",
        "filename": "tests/security/test_secrets_detector.py",
        "hashed_secret": "ba29d6bfac4cd7b866a3d05103c38031a921ba88",
        "is_verified": false,
        "line_number": 77
      },
      {
        "type": "Base64 High Entropy String",
        "filename": "tests/security/test_secrets_detector.py",
        "hashed_secret": "dbf04ab3cf0f5a2e588c9fd3803d498117f097dc",
        "is_verified": false,
        "line_number": 77
      },
      {
        "type": "Base64 High Entropy String",
        "filename": "tests/security/test_secrets_detector.py",
        "hashed_secret": "c271d6cf884957c2ace13ecd011a10dddd9878d5",
        "is_verified": false,
        "line_number": 78
      },
      {
        "type": "GitHub Token",
        "filename": "tests/security/test_secrets_detector.py",
        "hashed_secret": "e4055de792e64bf8433b9c794f2611cb65f4c487",
        "is_verified": false,
        "line_number": 78
      },
      {
        "type": "Secret Keyword",
        "filename": "tests/security/test_secrets_detector.py",
        "hashed_secret": "992fc72621857e9e8473e7219176791d1d0de9ea",
        "is_verified": false,
        "line_number": 115
      },
      {
        "type": "Secret Keyword",
        "filename": "tests/security/test_secrets_detector.py",
        "hashed_secret": "895d26f749fd3cf9b70880e1ab8d092413a23343",
        "is_verified": false,
        "line_number": 116
      },
      {
        "type": "Secret Keyword",
        "filename": "tests/security/test_secrets_detector.py",
        "hashed_secret": "f865b53623b121fd34ee5426c792e5c33af8c227",
        "is_verified": false,
        "line_number": 117
      },
      {
        "type": "Secret Keyword",
        "filename": "tests/security/test_secrets_detector.py",
        "hashed_secret": "57b2ad99044d337197c0c39fd3823568ff81e48a",
        "is_verified": false,
        "line_number": 118
      },
      {
        "type": "Private Key",
        "filename": "tests/security/test_secrets_detector.py",
        "hashed_secret": "be4fc4886bd949b369d5e092eb87494f12e57e5b",
        "is_verified": false,
        "line_number": 130
      },
      {
        "type": "Private Key",
        "filename": "tests/security/test_secrets_detector.py",
        "hashed_secret": "27c6929aef41ae2bcadac15ca6abcaff72cda9cd",
        "is_verified": false,
        "line_number": 131
      },
      {
        "type": "Private Key",
        "filename": "tests/security/test_secrets_detector.py",
        "hashed_secret": "f0778f3e140a61d5bbbed5430773e52af2f5fba4",
        "is_verified": false,
        "line_number": 132
      },
      {
        "type": "Private Key",
        "filename": "tests/security/test_secrets_detector.py",
        "hashed_secret": "1348b145fa1a555461c1b790a2f66614781091e9",
        "is_verified": false,
        "line_number": 133
      },
      {
        "type": "Private Key",
        "filename": "tests/security/test_secrets_detector.py",
        "hashed_secret": "4ada9713ec27066b2ffe0b7bd9c9c8d635dc4ab2",
        "is_verified": false,
        "line_number": 134
      },
      {
        "type": "JSON Web Token",
        "filename": "tests/security/test_secrets_detector.py",
        "hashed_secret": "d6b66ddd9ea7dbe760114bfe9a97352a5e139134",
        "is_verified": false,
        "line_number": 145
      },
      {
        "type": "Basic Auth Credentials",
        "filename": "tests/security/test_secrets_detector.py",
        "hashed_secret": "5baa61e4c9b93f3f0682250b6cf8331b7ee68fd8",
        "is_verified": false,
        "line_number": 156
      },
      {
        "type": "Basic Auth Credentials",
        "filename": "tests/security/test_secrets_detector.py",
        "hashed_secret": "aafdc23870ecbcd3d557b6423a8982134e17927e",
        "is_verified": false,
        "line_number": 157
      },
      {
        "type": "Basic Auth Credentials",
        "filename": "tests/security/test_secrets_detector.py",
        "hashed_secret": "9d4e1e23bd5b727046a9e3b4b7db57bd8d6ee684",
        "is_verified": false,
        "line_number": 158
      },
      {
        "type": "Basic Auth Credentials",
        "filename": "tests/security/test_secrets_detector.py",
        "hashed_secret": "e5e9fa1ba31ecd1ae84f75caaa474f3a663f05f4",
        "is_verified": false,
        "line_number": 159
      },
      {
        "type": "Base64 High Entropy String",
        "filename": "tests/security/test_secrets_detector.py",
        "hashed_secret": "e4ad0a90d9454cc209116c80b2fcbc449e084cf3",
        "is_verified": false,
        "line_number": 173
      },
      {
        "type": "Base64 High Entropy String",
        "filename": "tests/security/test_secrets_detector.py",
        "hashed_secret": "48907ab0595111c0f14368366dd696c44938aa03",
        "is_verified": false,
        "line_number": 209
      },
      {
        "type": "Secret Keyword",
        "filename": "tests/security/test_secrets_detector.py",
        "hashed_secret": "70f1587e1f28ba1584c82fe6df59acb356b1ec13",
        "is_verified": false,
        "line_number": 248
      },
      {
        "type": "AWS Access Key",
        "filename": "tests/security/test_secrets_detector.py",
        "hashed_secret": "25910f981e85ca04baf359199dd0bd4a3ae738b6",
        "is_verified": false,
        "line_number": 281
      },
      {
        "type": "Secret Keyword",
        "filename": "tests/security/test_secrets_detector.py",
        "hashed_secret": "f2b14f68eb995facb3a1c35287b778d5bd785511",
        "is_verified": false,
        "line_number": 281
      },
      {
        "type": "Secret Keyword",
        "filename": "tests/security/test_secrets_detector.py",
        "hashed_secret": "91dbc0fd3d415dc482cb6890950a28972aed862e",
        "is_verified": false,
        "line_number": 337
      },
      {
        "type": "Base64 High Entropy String",
        "filename": "tests/security/test_secrets_detector.py",
        "hashed_secret": "0cd397d7c4c7d14299c8150987cb1bd36c555069",
        "is_verified": false,
        "line_number": 345
      },
      {
        "type": "Secret Keyword",
        "filename": "tests/security/test_secrets_detector.py",
        "hashed_secret": "0cd397d7c4c7d14299c8150987cb1bd36c555069",
        "is_verified": false,
        "line_number": 345
      },
      {
        "type": "Base64 High Entropy String",
        "filename": "tests/security/test_secrets_detector.py",
        "hashed_secret": "3f5a54dc42e12b71a981ff7e121e5e9e74adf1ae",
        "is_verified": false,
        "line_number": 389
      },
      {
        "type": "Secret Keyword",
        "filename": "tests/security/test_secrets_detector.py",
        "hashed_secret": "3f5a54dc42e12b71a981ff7e121e5e9e74adf1ae",
        "is_verified": false,
        "line_number": 389
      }
    ],
    "tests/security/test_security_integration.py": [
      {
        "type": "Secret Keyword",
        "filename": "tests/security/test_security_integration.py",
        "hashed_secret": "15a78bff0e63fdf4fa68393a8ce7574056099e9d",
        "is_verified": false,
        "line_number": 57
      },
      {
        "type": "Secret Keyword",
        "filename": "tests/security/test_security_integration.py",
        "hashed_secret": "72a39a22f19780735f3fd193d41fbe9b9fa08063",
        "is_verified": false,
        "line_number": 58
      },
      {
        "type": "Secret Keyword",
        "filename": "tests/security/test_security_integration.py",
        "hashed_secret": "665b1e3851eefefa3fb878654292f16597d25155",
        "is_verified": false,
        "line_number": 102
      }
    ],
    "tests/unit/memory/test_control_panel.py": [
      {
        "type": "Secret Keyword",
        "filename": "tests/unit/memory/test_control_panel.py",
        "hashed_secret": "ed65c049bb2f78ee4f703b2158ba9cc6ea31fb7e",
        "is_verified": false,
        "line_number": 385
      },
      {
        "type": "Secret Keyword",
        "filename": "tests/unit/memory/test_control_panel.py",
        "hashed_secret": "2fd810160c5102664155370799690505086e1ba4",
        "is_verified": false,
        "line_number": 393
      }
    ],
    "tests/unit/memory/test_long_term_extended.py": [
      {
        "type": "Secret Keyword",
        "filename": "tests/unit/memory/test_long_term_extended.py",
        "hashed_secret": "a17c9aaa61e80a1bf71d0d850af4e5baa9800bbd",
        "is_verified": false,
        "line_number": 804
      }
    ],
    "tests/unit/memory/test_long_term_methods.py": [
      {
        "type": "Base64 High Entropy String",
        "filename": "tests/unit/memory/test_long_term_methods.py",
        "hashed_secret": "d067dab41d3df1c55790a72fcd36e10288dbe72f",
        "is_verified": false,
        "line_number": 586
      },
      {
        "type": "Secret Keyword",
        "filename": "tests/unit/memory/test_long_term_methods.py",
        "hashed_secret": "d067dab41d3df1c55790a72fcd36e10288dbe72f",
        "is_verified": false,
        "line_number": 586
      }
    ],
    "tests/unit/memory/test_short_term.py": [
      {
        "type": "Secret Keyword",
        "filename": "tests/unit/memory/test_short_term.py",
        "hashed_secret": "f2b14f68eb995facb3a1c35287b778d5bd785511",
        "is_verified": false,
        "line_number": 486
      }
    ],
    "tests/unit/memory/test_types.py": [
      {
        "type": "Secret Keyword",
        "filename": "tests/unit/memory/test_types.py",
        "hashed_secret": "e5e9fa1ba31ecd1ae84f75caaa474f3a663f05f4",
        "is_verified": false,
        "line_number": 100
      }
    ],
    "tests/unit/models/test_config_load_observability.py": [
      {
        "type": "Secret Keyword",
        "filename": "tests/unit/models/test_config_load_observability.py",
        "hashed_secret": "bce7db7692aea31b3d05c5a9ada07dbcba9d9cb0",
        "is_verified": false,
        "line_number": 123
      }
    ],
    "tests/unit/models/test_empathy_executor_new.py": [
      {
        "type": "Secret Keyword",
        "filename": "tests/unit/models/test_empathy_executor_new.py",
        "hashed_secret": "3acfb2c2b433c0ea7ff107e33df91b18e52f960f",
        "is_verified": false,
        "line_number": 24
      },
      {
        "type": "Secret Keyword",
        "filename": "tests/unit/models/test_empathy_executor_new.py",
        "hashed_secret": "0d1919ff4eebc7af7ee04381259deedc059369aa",
        "is_verified": false,
        "line_number": 43
      },
      {
        "type": "Secret Keyword",
        "filename": "tests/unit/models/test_empathy_executor_new.py",
        "hashed_secret": "e184b402822abc549b37689c84e8e0e33c39a1f1",
        "is_verified": false,
        "line_number": 168
      },
      {
        "type": "Secret Keyword",
        "filename": "tests/unit/models/test_empathy_executor_new.py",
        "hashed_secret": "56e1d57b8db262b08bc73c60ed08d8c92e59503f",
        "is_verified": false,
        "line_number": 169
      }
    ],
    "tests/unit/models/test_provider_config_extended.py": [
      {
        "type": "Secret Keyword",
        "filename": "tests/unit/models/test_provider_config_extended.py",
        "hashed_secret": "00942f4668670f34c5943cf52c7ef3139fe2b8d6",
        "is_verified": false,
        "line_number": 272
      }
    ],
    "tests/unit/monitoring/test_notifications.py": [
      {
        "type": "Secret Keyword",
        "filename": "tests/unit/monitoring/test_notifications.py",
        "hashed_secret": "9d4e1e23bd5b727046a9e3b4b7db57bd8d6ee684",
        "is_verified": false,
        "line_number": 155
      }
    ],
    "tests/unit/orchestration/test_real_tools.py": [
      {
        "type": "Secret Keyword",
        "filename": "tests/unit/orchestration/test_real_tools.py",
        "hashed_secret": "ed65c049bb2f78ee4f703b2158ba9cc6ea31fb7e",
        "is_verified": false,
        "line_number": 541
      },
      {
        "type": "Secret Keyword",
        "filename": "tests/unit/orchestration/test_real_tools.py",
        "hashed_secret": "3acfb2c2b433c0ea7ff107e33df91b18e52f960f",
        "is_verified": false,
        "line_number": 558
      }
    ],
    "tests/unit/routing/test_classifier.py": [
      {
        "type": "Secret Keyword",
        "filename": "tests/unit/routing/test_classifier.py",
        "hashed_secret": "3b979f2676df7070a7c8d6038463fa61759ee8fb",
        "is_verified": false,
        "line_number": 64
      },
      {
        "type": "Secret Keyword",
        "filename": "tests/unit/routing/test_classifier.py",
        "hashed_secret": "bb5e31f5e4adb0f4343409954e3dfe95accd3004",
        "is_verified": false,
        "line_number": 75
      }
    ],
    "tests/unit/socratic/conftest.py": [
      {
        "type": "Secret Keyword",
        "filename": "tests/unit/socratic/conftest.py",
        "hashed_secret": "20ad2df225d6a2079d8872c48915c8febe578698",
        "is_verified": false,
        "line_number": 424
      }
    ],
    "tests/unit/socratic/test_explainer.py": [
      {
        "type": "Secret Keyword",
        "filename": "tests/unit/socratic/test_explainer.py",
        "hashed_secret": "2e7a7ee14caebf378fc32d6cf6f557f347c96773",
        "is_verified": false,
        "line_number": 232
      }
    ],
    "tests/unit/socratic/test_llm_analyzer.py": [
      {
        "type": "Secret Keyword",
        "filename": "tests/unit/socratic/test_llm_analyzer.py",
        "hashed_secret": "2e7a7ee14caebf378fc32d6cf6f557f347c96773",
        "is_verified": false,
        "line_number": 45
      },
      {
        "type": "Secret Keyword",
        "filename": "tests/unit/socratic/test_llm_analyzer.py",
        "hashed_secret": "3acfb2c2b433c0ea7ff107e33df91b18e52f960f",
        "is_verified": false,
        "line_number": 275
      },
      {
        "type": "Secret Keyword",
        "filename": "tests/unit/socratic/test_llm_analyzer.py",
        "hashed_secret": "bea2f7b64fab8d1d414d0449530b1e088d36d5b1",
        "is_verified": false,
        "line_number": 281
      }
    ],
    "tests/unit/socratic/test_llm_explainer.py": [
      {
        "type": "Secret Keyword",
        "filename": "tests/unit/socratic/test_llm_explainer.py",
        "hashed_secret": "69dba6dfc0be932d10cdbfaae770c300cd7e0e3c",
        "is_verified": false,
        "line_number": 51
      },
      {
        "type": "Secret Keyword",
        "filename": "tests/unit/socratic/test_llm_explainer.py",
        "hashed_secret": "c7cacebb397eabb2d807f19e4ee66ccf8f2965b6",
        "is_verified": false,
        "line_number": 55
      }
    ],
    "tests/unit/test_utility_commands.py": [
      {
        "type": "Secret Keyword",
        "filename": "tests/unit/test_utility_commands.py",
        "hashed_secret": "9dacebdf0271b2f633cd4f29e20d74cfe3f8bb47",
        "is_verified": false,
        "line_number": 191
      },
      {
        "type": "Secret Keyword",
        "filename": "tests/unit/test_utility_commands.py",
        "hashed_secret": "e9a5f12a8ecbb3eb46eca5096b5c52aa5e7c9fdd",
        "is_verified": false,
        "line_number": 246
      }
    ],
    "tests/unit/test_workflow_commands.py": [
      {
        "type": "Secret Keyword",
        "filename": "tests/unit/test_workflow_commands.py",
        "hashed_secret": "f2b14f68eb995facb3a1c35287b778d5bd785511",
        "is_verified": false,
        "line_number": 807
      },
      {
        "type": "Secret Keyword",
        "filename": "tests/unit/test_workflow_commands.py",
        "hashed_secret": "e5e9fa1ba31ecd1ae84f75caaa474f3a663f05f4",
        "is_verified": false,
        "line_number": 1504
      }
    ],
    "tests/unit/workflows/test_document_gen_polish_stage.py": [
      {
        "type": "Secret Keyword",
        "filename": "tests/unit/workflows/test_document_gen_polish_stage.py",
        "hashed_secret": "3acfb2c2b433c0ea7ff107e33df91b18e52f960f",
        "is_verified": false,
        "line_number": 129
      }
    ],
    "tests/utils/cli_test_helpers.py": [
      {
        "type": "Secret Keyword",
        "filename": "tests/utils/cli_test_helpers.py",
        "hashed_secret": "2e7a7ee14caebf378fc32d6cf6f557f347c96773",
        "is_verified": false,
        "line_number": 227
      }
    ],
    "tests/wizards/test_wizard_outputs.py": [
      {
        "type": "Secret Keyword",
        "filename": "tests/wizards/test_wizard_outputs.py",
        "hashed_secret": "7bd211b2379c145631ad5d8f68d798ac204f7758",
        "is_verified": false,
        "line_number": 173
      }
    ],
    "website/.env.example": [
      {
        "type": "Basic Auth Credentials",
        "filename": "website/.env.example",
        "hashed_secret": "5baa61e4c9b93f3f0682250b6cf8331b7ee68fd8",
        "is_verified": false,
        "line_number": 13
      }
    ],
    "website/DEPLOYMENT.md": [
      {
        "type": "Secret Keyword",
        "filename": "website/DEPLOYMENT.md",
        "hashed_secret": "459363b0799cdb98b2048e88adee0825dbc5d698",
        "is_verified": false,
        "line_number": 131
      }
    ],
    "website/content/blog/three-stages-of-a-great-workflow.mdx": [
      {
        "type": "Secret Keyword",
        "filename": "website/content/blog/three-stages-of-a-great-workflow.mdx",
        "hashed_secret": "a8253456364f1bfc7da7ae4a1db5b45d106317a5",
        "is_verified": false,
        "line_number": 26
      }
    ],
    "website/lib/license.ts": [
      {
        "type": "Base64 High Entropy String",
        "filename": "website/lib/license.ts",
        "hashed_secret": "95ba1eb154162bc474e0e3868a319617d014e841",
        "is_verified": false,
        "line_number": 11
      },
      {
        "type": "Base64 High Entropy String",
        "filename": "website/lib/license.ts",
        "hashed_secret": "866918d99a2b6547146d4e6706f90661fc056fb7",
        "is_verified": false,
        "line_number": 58
      },
      {
        "type": "Base64 High Entropy String",
        "filename": "website/lib/license.ts",
        "hashed_secret": "5fc700a5943e8148f0c264d3af2169aeb1abe64d",
        "is_verified": false,
        "line_number": 67
      }
    ],
    "website/public/framework-docs/404.html": [
      {
        "type": "Base64 High Entropy String",
        "filename": "website/public/framework-docs/404.html",
        "hashed_secret": "a8a192af508aeaf1b68079caf2ad6b30503d2e75",
        "is_verified": false,
        "line_number": 1712
      },
      {
        "type": "Base64 High Entropy String",
        "filename": "website/public/framework-docs/404.html",
        "hashed_secret": "a26a05f4b2e179e7c245e12cad56a2c0818a476c",
        "is_verified": false,
        "line_number": 1891
      },
      {
        "type": "Base64 High Entropy String",
        "filename": "website/public/framework-docs/404.html",
        "hashed_secret": "801036afca64815e2bb8a07dcc9aed96024c98d4",
        "is_verified": false,
        "line_number": 1947
      },
      {
        "type": "Base64 High Entropy String",
        "filename": "website/public/framework-docs/404.html",
        "hashed_secret": "f010c2aede0c969f6b498480675ba2fe070aa771",
        "is_verified": false,
        "line_number": 2037
      },
      {
        "type": "Base64 High Entropy String",
        "filename": "website/public/framework-docs/404.html",
        "hashed_secret": "fa7a4f682009b328b7a487b93da5d771f7175d24",
        "is_verified": false,
        "line_number": 2093
      },
      {
        "type": "Base64 High Entropy String",
        "filename": "website/public/framework-docs/404.html",
        "hashed_secret": "ae5e5ce9e4516eadf703a61f05a2b83b62a080ef",
        "is_verified": false,
        "line_number": 2183
      },
      {
        "type": "Base64 High Entropy String",
        "filename": "website/public/framework-docs/404.html",
        "hashed_secret": "a088797963920479c8dc6e533892fb7a9296bba7",
        "is_verified": false,
        "line_number": 2211
      },
      {
        "type": "Base64 High Entropy String",
        "filename": "website/public/framework-docs/404.html",
        "hashed_secret": "baa5e5bd801b63e8a953d14fae56b3e64876866d",
        "is_verified": false,
        "line_number": 2247
      }
    ],
    "website/public/framework-docs/SECURITY/index.html": [
      {
        "type": "AWS Access Key",
        "filename": "website/public/framework-docs/SECURITY/index.html",
        "hashed_secret": "25910f981e85ca04baf359199dd0bd4a3ae738b6",
        "is_verified": false,
        "line_number": 4298
      }
    ],
    "website/public/framework-docs/explanation/multi-agent-philosophy/index.html": [
      {
        "type": "Basic Auth Credentials",
        "filename": "website/public/framework-docs/explanation/multi-agent-philosophy/index.html",
        "hashed_secret": "5baa61e4c9b93f3f0682250b6cf8331b7ee68fd8",
        "is_verified": false,
        "line_number": 4160
      }
    ],
    "website/public/framework-docs/getting-started/redis-setup/index.html": [
      {
        "type": "Basic Auth Credentials",
        "filename": "website/public/framework-docs/getting-started/redis-setup/index.html",
        "hashed_secret": "5baa61e4c9b93f3f0682250b6cf8331b7ee68fd8",
        "is_verified": false,
        "line_number": 4042
      }
    ],
    "website/public/framework-docs/how-to/prerequisites/index.html": [
      {
        "type": "Basic Auth Credentials",
        "filename": "website/public/framework-docs/how-to/prerequisites/index.html",
        "hashed_secret": "5baa61e4c9b93f3f0682250b6cf8331b7ee68fd8",
        "is_verified": false,
        "line_number": 4174
      }
    ],
    "website/public/framework-docs/how-to/security-architecture/index.html": [
      {
        "type": "AWS Access Key",
        "filename": "website/public/framework-docs/how-to/security-architecture/index.html",
        "hashed_secret": "25910f981e85ca04baf359199dd0bd4a3ae738b6",
        "is_verified": false,
        "line_number": 4363
      },
      {
        "type": "Private Key",
        "filename": "website/public/framework-docs/how-to/security-architecture/index.html",
        "hashed_secret": "1348b145fa1a555461c1b790a2f66614781091e9",
        "is_verified": false,
        "line_number": 4387
      }
    ],
    "website/public/framework-docs/how-to/unified-memory-system/index.html": [
      {
        "type": "Basic Auth Credentials",
        "filename": "website/public/framework-docs/how-to/unified-memory-system/index.html",
        "hashed_secret": "9d4e1e23bd5b727046a9e3b4b7db57bd8d6ee684",
        "is_verified": false,
        "line_number": 4284
      }
    ],
    "website/public/framework-docs/index.html": [
      {
        "type": "Base64 High Entropy String",
        "filename": "website/public/framework-docs/index.html",
        "hashed_secret": "8c9410c39fa2cbef113676554bc03914001fe870",
        "is_verified": false,
        "line_number": 2339
      }
    ],
    "website/public/framework-docs/reference/SHORT_TERM_MEMORY/index.html": [
      {
        "type": "Basic Auth Credentials",
        "filename": "website/public/framework-docs/reference/SHORT_TERM_MEMORY/index.html",
        "hashed_secret": "5baa61e4c9b93f3f0682250b6cf8331b7ee68fd8",
        "is_verified": false,
        "line_number": 4095
      }
    ],
    "website/public/framework-docs/reference/config/index.html": [
      {
        "type": "Basic Auth Credentials",
        "filename": "website/public/framework-docs/reference/config/index.html",
        "hashed_secret": "9d4e1e23bd5b727046a9e3b4b7db57bd8d6ee684",
        "is_verified": false,
        "line_number": 4546
      }
    ],
    "website/public/framework-docs/reference/llm-toolkit/index.html": [
      {
        "type": "Basic Auth Credentials",
        "filename": "website/public/framework-docs/reference/llm-toolkit/index.html",
        "hashed_secret": "9d4e1e23bd5b727046a9e3b4b7db57bd8d6ee684",
        "is_verified": false,
        "line_number": 5301
      }
    ]
  },
  "generated_at": "2026-04-07T04:47:05Z"
}
